06-25 13:59:00.173   672   828 W AS.SfxHelper: MediaPlayer IOException: java.io.FileNotFoundException: /system/media/audio/ui/Effect_Tick.ogg: open failed: ENOENT (No such file or directory)
06-25 13:59:00.183  1865  2089 E iwedia/comedia3: [(C) cm_route_manager.c(329)]: CM_RM_GetInstallRoute: cmRMp_FindFrontendForMultiplex couldn't find free resource
06-25 13:59:00.183  1865  2089 E iwedia/comedia3: [(C) cm_route_manager_usage_monitor.c(310)]: Used routes
06-25 13:59:00.183  1865  2089 E iwedia/comedia3: [(C) cm_route_manager_usage_monitor.c(311)]: ******************************
06-25 13:59:00.183  1865  2089 E iwedia/comedia3: [(C) cm_route_manager_usage_monitor.c(314)]: 0. 0xe9456b70 -1 INSTALL
06-25 13:59:00.183  1865  2089 E iwedia/comedia3: [(C) cm_route_manager_usage_monitor.c(314)]: 1. 0xe9456b98 -1 INSTALL
06-25 13:59:00.183  1865  2089 E iwedia/comedia3: [(C) cm_route_manager_usage_monitor.c(314)]: 2. 0xe9456bc0 -1 INSTALL
06-25 13:59:00.183  1865  2089 E iwedia/comedia3: [(C) cm_route_manager_usage_monitor.c(319)]: ******************************
06-25 13:59:00.183  1865  2089 E iwedia/comedia3: [(C) cm_route_manager.c(1849)]: ***********************************
06-25 13:59:00.183  1865  2089 E iwedia/comedia3: 
06-25 13:59:00.183  1865  2089 E iwedia/comedia3: [(C) cm_route_manager.c(1852)]: *********** FE status *************
06-25 13:59:00.183  1865  2089 E iwedia/comedia3: [(C) cm_route_manager.c(1879)]: id = 0, isUsed = 1, isScanning = 1
06-25 13:59:00.183  1865  2089 E iwedia/comedia3: [(C) cm_route_manager.c(1880)]: Used on routes:
06-25 13:59:00.183  1865  2089 E iwedia/comedia3: [(C) cm_route_manager.c(1883)]: e9456b70
06-25 13:59:00.183  1865  2089 E iwedia/comedia3: [(C) cm_route_manager.c(1886)]: 
06-25 13:59:00.183  1865  2089 E iwedia/comedia3: [(C) cm_route_manager.c(1879)]: id = 1, isUsed = 1, isScanning = 1
06-25 13:59:00.183  1865  2089 E iwedia/comedia3: [(C) cm_route_manager.c(1880)]: Used on routes:
06-25 13:59:00.183  1865  2089 E iwedia/comedia3: [(C) cm_route_manager.c(1883)]: e9456b98
06-25 13:59:00.183  1865  2089 E iwedia/comedia3: [(C) cm_route_manager.c(1886)]: 
06-25 13:59:00.183  1865  2089 E iwedia/comedia3: [(C) cm_route_manager.c(1879)]: id = 2, isUsed = 1, isScanning = 1
06-25 13:59:00.183  1865  2089 E iwedia/comedia3: [(C) cm_route_manager.c(1880)]: Used on routes:
06-25 13:59:00.183  1865  2089 E iwedia/comedia3: [(C) cm_route_manager.c(1883)]: e9456bc0
06-25 13:59:00.183  1865  2089 E iwedia/comedia3: [(C) cm_route_manager.c(1886)]: 
06-25 13:59:00.183  1865  2089 E iwedia/comedia3: [(C) cm_route_manager.c(1858)]: ********* Decoder status **********
06-25 13:59:00.183  1865  2089 E iwedia/comedia3: [(C) cm_route_manager.c(1896)]: id = 1, isUsed = 0, type = 0
06-25 13:59:00.183  1865  2089 E iwedia/comedia3: [(C) cm_route_manager.c(1897)]: Used on routes:
06-25 13:59:00.183  1865  2089 E iwedia/comedia3: [(C) cm_route_manager.c(1903)]: 
06-25 13:59:00.183  1865  2089 E iwedia/comedia3: [(C) cm_route_manager.c(1864)]: ****** Mass Storage status ********
06-25 13:59:00.183  1865  2089 E iwedia/comedia3: [(C) cm_route_manager.c(1913)]: id = 4d41, isUsed = 0
06-25 13:59:00.183  1865  2089 E iwedia/comedia3: [(C) cm_route_manager.c(1914)]: Used on routes:
06-25 13:59:00.183  1865  2089 E iwedia/comedia3: [(C) cm_route_manager.c(1920)]: 
06-25 13:59:00.183  1865  2089 E iwedia/comedia3: [(C) cm_route_manager.c(1869)]: 
06-25 13:59:00.183  1865  2089 E iwedia/comedia3: 
06-25 13:59:00.183  1865  2089 E iwedia/comedia3: ***********************************
06-25 13:59:00.183  1865  2089 E iwedia/comedia3: 
06-25 13:59:00.184  1865  2089 D iwedia/mal: MAL_RM_GetInstallRoute - 193: CM_RM_GetLiveRoute failed, error = 4
06-25 13:59:00.184  1865  2089 D ComediaRouteManagerControl: routeManagerGetInstallRoute 0
06-25 13:59:00.186  1865  2089 E ScanControl: appendList(false) MAL_TUNER_AppendList
06-25 13:59:00.187  1865  2089 E ScanControl: autoScanURL ( file:///data/data/ch0.ts) routeId = 0
06-25 13:59:00.187  1865  2089 D iwedia/mal: MAL_TUNER_AutoScanURL - line: 287: Enter MAL_TUNER_AutoScanURL, routeId = 0 
06-25 13:59:00.187  1865  2089 D iwedia/comedia3: CM_PIPEi_GetMagicNumberFromHandle: Can't find route
06-25 13:59:00.187  1865  2089 D iwedia/comedia3: CM_PIPE_GetFrontendDescriptor: Error in CM_PIPEi_GetMagicNumberFromHandle
06-25 13:59:00.187  1865  2089 D iwedia/mal: MAL_TUNER_AutoScanURL - line: 307: MAL_TUNER cmPipe_GetSourceType failed
06-25 13:59:00.187  2006  2006 E BroadcastTvInputService: autoScan failed for file:///data/data/ch0.ts: ERROR
06-25 13:59:00.366   672   828 W AS.SfxHelper: MediaPlayer IOException: java.io.FileNotFoundException: /system/media/audio/ui/Effect_Tick.ogg: open failed: ENOENT (No such file or directory)
06-25 13:59:00.367  1865  2089 E iwedia/comedia3: [(C) cm_route_manager.c(329)]: CM_RM_GetInstallRoute: cmRMp_FindFrontendForMultiplex couldn't find free resource
06-25 13:59:00.367  1865  2089 E iwedia/comedia3: [(C) cm_route_manager_usage_monitor.c(310)]: Used routes
06-25 13:59:00.367  1865  2089 E iwedia/comedia3: [(C) cm_route_manager_usage_monitor.c(311)]: ******************************
06-25 13:59:00.367  1865  2089 E iwedia/comedia3: [(C) cm_route_manager_usage_monitor.c(314)]: 0. 0xe9456b70 -1 INSTALL
06-25 13:59:00.367  1865  2089 E iwedia/comedia3: [(C) cm_route_manager_usage_monitor.c(314)]: 1. 0xe9456b98 -1 INSTALL
06-25 13:59:00.367  1865  2089 E iwedia/comedia3: [(C) cm_route_manager_usage_monitor.c(314)]: 2. 0xe9456bc0 -1 INSTALL
06-25 13:59:00.367  1865  2089 E iwedia/comedia3: [(C) cm_route_manager_usage_monitor.c(319)]: ******************************
06-25 13:59:00.367  1865  2089 E iwedia/comedia3: [(C) cm_route_manager.c(1849)]: ***********************************
06-25 13:59:00.367  1865  2089 E iwedia/comedia3: 
06-25 13:59:00.367  1865  2089 E iwedia/comedia3: [(C) cm_route_manager.c(1852)]: *********** FE status *************
06-25 13:59:00.367  1865  2089 E iwedia/comedia3: [(C) cm_route_manager.c(1879)]: id = 0, isUsed = 1, isScanning = 1
06-25 13:59:00.367  1865  2089 E iwedia/comedia3: [(C) cm_route_manager.c(1880)]: Used on routes:
06-25 13:59:00.367  1865  2089 E iwedia/comedia3: [(C) cm_route_manager.c(1883)]: e9456b70
06-25 13:59:00.367  1865  2089 E iwedia/comedia3: [(C) cm_route_manager.c(1886)]: 
06-25 13:59:00.367  1865  2089 E iwedia/comedia3: [(C) cm_route_manager.c(1879)]: id = 1, isUsed = 1, isScanning = 1
06-25 13:59:00.367  1865  2089 E iwedia/comedia3: [(C) cm_route_manager.c(1880)]: Used on routes:
06-25 13:59:00.367  1865  2089 E iwedia/comedia3: [(C) cm_route_manager.c(1883)]: e9456b98
06-25 13:59:00.367  1865  2089 E iwedia/comedia3: [(C) cm_route_manager.c(1886)]: 
06-25 13:59:00.367  1865  2089 E iwedia/comedia3: [(C) cm_route_manager.c(1879)]: id = 2, isUsed = 1, isScanning = 1
06-25 13:59:00.367  1865  2089 E iwedia/comedia3: [(C) cm_route_manager.c(1880)]: Used on routes:
06-25 13:59:00.367  1865  2089 E iwedia/comedia3: [(C) cm_route_manager.c(1883)]: e9456bc0
06-25 13:59:00.367  1865  2089 E iwedia/comedia3: [(C) cm_route_manager.c(1886)]: 
06-25 13:59:00.367  1865  2089 E iwedia/comedia3: [(C) cm_route_manager.c(1858)]: ********* Decoder status **********
06-25 13:59:00.367  1865  2089 E iwedia/comedia3: [(C) cm_route_manager.c(1896)]: id = 1, isUsed = 0, type = 0
06-25 13:59:00.367  1865  2089 E iwedia/comedia3: [(C) cm_route_manager.c(1897)]: Used on routes:
06-25 13:59:00.367  1865  2089 E iwedia/comedia3: [(C) cm_route_manager.c(1903)]: 
06-25 13:59:00.367  1865  2089 E iwedia/comedia3: [(C) cm_route_manager.c(1864)]: ****** Mass Storage status ********
06-25 13:59:00.367  1865  2089 E iwedia/comedia3: [(C) cm_route_manager.c(1913)]: id = 4d41, isUsed = 0
06-25 13:59:00.367  1865  2089 E iwedia/comedia3: [(C) cm_route_manager.c(1914)]: Used on routes:
06-25 13:59:00.367  1865  2089 E iwedia/comedia3: [(C) cm_route_manager.c(1920)]: 
06-25 13:59:00.367  1865  2089 E iwedia/comedia3: [(C) cm_route_manager.c(1869)]: 
06-25 13:59:00.367  1865  2089 E iwedia/comedia3: 
06-25 13:59:00.367  1865  2089 E iwedia/comedia3: ***********************************
06-25 13:59:00.367  1865  2089 E iwedia/comedia3: 
06-25 13:59:00.367  1865  2089 D iwedia/mal: MAL_RM_GetInstallRoute - 193: CM_RM_GetLiveRoute failed, error = 4
06-25 13:59:00.367  1865  2089 D ComediaRouteManagerControl: routeManagerGetInstallRoute 0
06-25 13:59:00.378  1865  2089 E ScanControl: appendList(false) MAL_TUNER_AppendList
06-25 13:59:00.380  1865  2089 E ScanControl: autoScanURL ( file:///data/data/ch0.ts) routeId = 0
06-25 13:59:00.380  1865  2089 D iwedia/mal: MAL_TUNER_AutoScanURL - line: 287: Enter MAL_TUNER_AutoScanURL, routeId = 0 
06-25 13:59:00.380  1865  2089 D iwedia/comedia3: CM_PIPEi_GetMagicNumberFromHandle: Can't find route
06-25 13:59:00.380  1865  2089 D iwedia/comedia3: CM_PIPE_GetFrontendDescriptor: Error in CM_PIPEi_GetMagicNumberFromHandle
06-25 13:59:00.380  1865  2089 D iwedia/mal: MAL_TUNER_AutoScanURL - line: 307: MAL_TUNER cmPipe_GetSourceType failed
06-25 13:59:00.381  2006  2006 E BroadcastTvInputService: autoScan failed for file:///data/data/ch0.ts: ERROR
06-25 13:59:00.559  1865  2089 E iwedia/comedia3: [(C) cm_route_manager.c(329)]: CM_RM_GetInstallRoute: cmRMp_FindFrontendForMultiplex couldn't find free resource
06-25 13:59:00.559  1865  2089 E iwedia/comedia3: [(C) cm_route_manager_usage_monitor.c(310)]: Used routes
06-25 13:59:00.559  1865  2089 E iwedia/comedia3: [(C) cm_route_manager_usage_monitor.c(311)]: ******************************
06-25 13:59:00.559  1865  2089 E iwedia/comedia3: [(C) cm_route_manager_usage_monitor.c(314)]: 0. 0xe9456b70 -1 INSTALL
06-25 13:59:00.559  1865  2089 E iwedia/comedia3: [(C) cm_route_manager_usage_monitor.c(314)]: 1. 0xe9456b98 -1 INSTALL
06-25 13:59:00.559  1865  2089 E iwedia/comedia3: [(C) cm_route_manager_usage_monitor.c(314)]: 2. 0xe9456bc0 -1 INSTALL
06-25 13:59:00.559  1865  2089 E iwedia/comedia3: [(C) cm_route_manager_usage_monitor.c(319)]: ******************************
06-25 13:59:00.559  1865  2089 E iwedia/comedia3: [(C) cm_route_manager.c(1849)]: ***********************************
06-25 13:59:00.559  1865  2089 E iwedia/comedia3: 
06-25 13:59:00.559  1865  2089 E iwedia/comedia3: [(C) cm_route_manager.c(1852)]: *********** FE status *************
06-25 13:59:00.559  1865  2089 E iwedia/comedia3: [(C) cm_route_manager.c(1879)]: id = 0, isUsed = 1, isScanning = 1
06-25 13:59:00.559  1865  2089 E iwedia/comedia3: [(C) cm_route_manager.c(1880)]: Used on routes:
06-25 13:59:00.559  1865  2089 E iwedia/comedia3: [(C) cm_route_manager.c(1883)]: e9456b70
06-25 13:59:00.559  1865  2089 E iwedia/comedia3: [(C) cm_route_manager.c(1886)]: 
06-25 13:59:00.559  1865  2089 E iwedia/comedia3: [(C) cm_route_manager.c(1879)]: id = 1, isUsed = 1, isScanning = 1
06-25 13:59:00.559  1865  2089 E iwedia/comedia3: [(C) cm_route_manager.c(1880)]: Used on routes:
06-25 13:59:00.559  1865  2089 E iwedia/comedia3: [(C) cm_route_manager.c(1883)]: e9456b98
06-25 13:59:00.559  1865  2089 E iwedia/comedia3: [(C) cm_route_manager.c(1886)]: 
06-25 13:59:00.559  1865  2089 E iwedia/comedia3: [(C) cm_route_manager.c(1879)]: id = 2, isUsed = 1, isScanning = 1
06-25 13:59:00.559  1865  2089 E iwedia/comedia3: [(C) cm_route_manager.c(1880)]: Used on routes:
06-25 13:59:00.559  1865  2089 E iwedia/comedia3: [(C) cm_route_manager.c(1883)]: e9456bc0
06-25 13:59:00.559  1865  2089 E iwedia/comedia3: [(C) cm_route_manager.c(1886)]: 
06-25 13:59:00.559  1865  2089 E iwedia/comedia3: [(C) cm_route_manager.c(1858)]: ********* Decoder status **********
06-25 13:59:00.559  1865  2089 E iwedia/comedia3: [(C) cm_route_manager.c(1896)]: id = 1, isUsed = 0, type = 0
06-25 13:59:00.559  1865  2089 E iwedia/comedia3: [(C) cm_route_manager.c(1897)]: Used on routes:
06-25 13:59:00.559  1865  2089 E iwedia/comedia3: [(C) cm_route_manager.c(1903)]: 
06-25 13:59:00.559  1865  2089 E iwedia/comedia3: [(C) cm_route_manager.c(1864)]: ****** Mass Storage status ********
06-25 13:59:00.559  1865  2089 E iwedia/comedia3: [(C) cm_route_manager.c(1913)]: id = 4d41, isUsed = 0
06-25 13:59:00.559  1865  2089 E iwedia/comedia3: [(C) cm_route_manager.c(1914)]: Used on routes:
06-25 13:59:00.559  1865  2089 E iwedia/comedia3: [(C) cm_route_manager.c(1920)]: 
06-25 13:59:00.559  1865  2089 E iwedia/comedia3: [(C) cm_route_manager.c(1869)]: 
06-25 13:59:00.559  1865  2089 E iwedia/comedia3: 
06-25 13:59:00.559  1865  2089 E iwedia/comedia3: ***********************************
06-25 13:59:00.559  1865  2089 E iwedia/comedia3: 
06-25 13:59:00.559  1865  2089 D iwedia/mal: MAL_RM_GetInstallRoute - 193: CM_RM_GetLiveRoute failed, error = 4
06-25 13:59:00.559  1865  2089 D ComediaRouteManagerControl: routeManagerGetInstallRoute 0
06-25 13:59:00.559  1865  2089 E ScanControl: appendList(false) MAL_TUNER_AppendList
06-25 13:59:00.559  1865  2089 E ScanControl: autoScanURL ( file:///data/data/ch0.ts) routeId = 0
06-25 13:59:00.559  1865  2089 D iwedia/mal: MAL_TUNER_AutoScanURL - line: 287: Enter MAL_TUNER_AutoScanURL, routeId = 0 
06-25 13:59:00.559  1865  2089 D iwedia/comedia3: CM_PIPEi_GetMagicNumberFromHandle: Can't find route
06-25 13:59:00.559  1865  2089 D iwedia/comedia3: CM_PIPE_GetFrontendDescriptor: Error in CM_PIPEi_GetMagicNumberFromHandle
06-25 13:59:00.559  1865  2089 D iwedia/mal: MAL_TUNER_AutoScanURL - line: 307: MAL_TUNER cmPipe_GetSourceType failed
06-25 13:59:00.559  2006  2006 E BroadcastTvInputService: autoScan failed for file:///data/data/ch0.ts: ERROR
06-25 13:59:00.564   672   828 W AS.SfxHelper: MediaPlayer IOException: java.io.FileNotFoundException: /system/media/audio/ui/Effect_Tick.ogg: open failed: ENOENT (No such file or directory)
06-25 13:59:00.720  1865  2089 E iwedia/comedia3: [(C) cm_route_manager.c(329)]: CM_RM_GetInstallRoute: cmRMp_FindFrontendForMultiplex couldn't find free resource
06-25 13:59:00.720  1865  2089 E iwedia/comedia3: [(C) cm_route_manager_usage_monitor.c(310)]: Used routes
06-25 13:59:00.720  1865  2089 E iwedia/comedia3: [(C) cm_route_manager_usage_monitor.c(311)]: ******************************
06-25 13:59:00.720  1865  2089 E iwedia/comedia3: [(C) cm_route_manager_usage_monitor.c(314)]: 0. 0xe9456b70 -1 INSTALL
06-25 13:59:00.720  1865  2089 E iwedia/comedia3: [(C) cm_route_manager_usage_monitor.c(314)]: 1. 0xe9456b98 -1 INSTALL
06-25 13:59:00.720  1865  2089 E iwedia/comedia3: [(C) cm_route_manager_usage_monitor.c(314)]: 2. 0xe9456bc0 -1 INSTALL
06-25 13:59:00.720  1865  2089 E iwedia/comedia3: [(C) cm_route_manager_usage_monitor.c(319)]: ******************************
06-25 13:59:00.720  1865  2089 E iwedia/comedia3: [(C) cm_route_manager.c(1849)]: ***********************************
06-25 13:59:00.720  1865  2089 E iwedia/comedia3: 
06-25 13:59:00.720  1865  2089 E iwedia/comedia3: [(C) cm_route_manager.c(1852)]: *********** FE status *************
06-25 13:59:00.720  1865  2089 E iwedia/comedia3: [(C) cm_route_manager.c(1879)]: id = 0, isUsed = 1, isScanning = 1
06-25 13:59:00.720  1865  2089 E iwedia/comedia3: [(C) cm_route_manager.c(1880)]: Used on routes:
06-25 13:59:00.720  1865  2089 E iwedia/comedia3: [(C) cm_route_manager.c(1883)]: e9456b70
06-25 13:59:00.720  1865  2089 E iwedia/comedia3: [(C) cm_route_manager.c(1886)]: 
06-25 13:59:00.720  1865  2089 E iwedia/comedia3: [(C) cm_route_manager.c(1879)]: id = 1, isUsed = 1, isScanning = 1
06-25 13:59:00.720  1865  2089 E iwedia/comedia3: [(C) cm_route_manager.c(1880)]: Used on routes:
06-25 13:59:00.720  1865  2089 E iwedia/comedia3: [(C) cm_route_manager.c(1883)]: e9456b98
06-25 13:59:00.720  1865  2089 E iwedia/comedia3: [(C) cm_route_manager.c(1886)]: 
06-25 13:59:00.720  1865  2089 E iwedia/comedia3: [(C) cm_route_manager.c(1879)]: id = 2, isUsed = 1, isScanning = 1
06-25 13:59:00.720  1865  2089 E iwedia/comedia3: [(C) cm_route_manager.c(1880)]: Used on routes:
06-25 13:59:00.720  1865  2089 E iwedia/comedia3: [(C) cm_route_manager.c(1883)]: e9456bc0
06-25 13:59:00.720  1865  2089 E iwedia/comedia3: [(C) cm_route_manager.c(1886)]: 
06-25 13:59:00.720  1865  2089 E iwedia/comedia3: [(C) cm_route_manager.c(1858)]: ********* Decoder status **********
06-25 13:59:00.720  1865  2089 E iwedia/comedia3: [(C) cm_route_manager.c(1896)]: id = 1, isUsed = 0, type = 0
06-25 13:59:00.720  1865  2089 E iwedia/comedia3: [(C) cm_route_manager.c(1897)]: Used on routes:
06-25 13:59:00.720  1865  2089 E iwedia/comedia3: [(C) cm_route_manager.c(1903)]: 
06-25 13:59:00.720  1865  2089 E iwedia/comedia3: [(C) cm_route_manager.c(1864)]: ****** Mass Storage status ********
06-25 13:59:00.720  1865  2089 E iwedia/comedia3: [(C) cm_route_manager.c(1913)]: id = 4d41, isUsed = 0
06-25 13:59:00.720  1865  2089 E iwedia/comedia3: [(C) cm_route_manager.c(1914)]: Used on routes:
06-25 13:59:00.720  1865  2089 E iwedia/comedia3: [(C) cm_route_manager.c(1920)]: 
06-25 13:59:00.720  1865  2089 E iwedia/comedia3: [(C) cm_route_manager.c(1869)]: 
06-25 13:59:00.720  1865  2089 E iwedia/comedia3: 
06-25 13:59:00.720  1865  2089 E iwedia/comedia3: ***********************************
06-25 13:59:00.720  1865  2089 E iwedia/comedia3: 
06-25 13:59:00.720  1865  2089 D iwedia/mal: MAL_RM_GetInstallRoute - 193: CM_RM_GetLiveRoute failed, error = 4
06-25 13:59:00.720  1865  2089 D ComediaRouteManagerControl: routeManagerGetInstallRoute 0
06-25 13:59:00.720  1865  2089 E ScanControl: appendList(false) MAL_TUNER_AppendList
06-25 13:59:00.720  1865  2089 E ScanControl: autoScanURL ( file:///data/data/ch0.ts) routeId = 0
06-25 13:59:00.720  1865  2089 D iwedia/mal: MAL_TUNER_AutoScanURL - line: 287: Enter MAL_TUNER_AutoScanURL, routeId = 0 
06-25 13:59:00.720  1865  2089 D iwedia/comedia3: CM_PIPEi_GetMagicNumberFromHandle: Can't find route
06-25 13:59:00.720  1865  2089 D iwedia/comedia3: CM_PIPE_GetFrontendDescriptor: Error in CM_PIPEi_GetMagicNumberFromHandle
06-25 13:59:00.720  1865  2089 D iwedia/mal: MAL_TUNER_AutoScanURL - line: 307: MAL_TUNER cmPipe_GetSourceType failed
06-25 13:59:00.720  2006  2006 E BroadcastTvInputService: autoScan failed for file:///data/data/ch0.ts: ERROR
06-25 13:59:00.728   672   828 W AS.SfxHelper: MediaPlayer IOException: java.io.FileNotFoundException: /system/media/audio/ui/Effect_Tick.ogg: open failed: ENOENT (No such file or directory)
06-25 13:59:00.867  1865  1915 D iwedia/mal: MAL_COMMON_TimeDate_NotifyFct - line: 1599: Invalid event 1
06-25 13:59:00.873  1865  2089 E iwedia/comedia3: [(C) cm_route_manager.c(329)]: CM_RM_GetInstallRoute: cmRMp_FindFrontendForMultiplex couldn't find free resource
06-25 13:59:00.873  1865  2089 E iwedia/comedia3: [(C) cm_route_manager_usage_monitor.c(310)]: Used routes
06-25 13:59:00.873  1865  2089 E iwedia/comedia3: [(C) cm_route_manager_usage_monitor.c(311)]: ******************************
06-25 13:59:00.873  1865  2089 E iwedia/comedia3: [(C) cm_route_manager_usage_monitor.c(314)]: 0. 0xe9456b70 -1 INSTALL
06-25 13:59:00.873  1865  2089 E iwedia/comedia3: [(C) cm_route_manager_usage_monitor.c(314)]: 1. 0xe9456b98 -1 INSTALL
06-25 13:59:00.873  1865  2089 E iwedia/comedia3: [(C) cm_route_manager_usage_monitor.c(314)]: 2. 0xe9456bc0 -1 INSTALL
06-25 13:59:00.873  1865  2089 E iwedia/comedia3: [(C) cm_route_manager_usage_monitor.c(319)]: ******************************
06-25 13:59:00.873  1865  2089 E iwedia/comedia3: [(C) cm_route_manager.c(1849)]: ***********************************
06-25 13:59:00.873  1865  2089 E iwedia/comedia3: 
06-25 13:59:00.873  1865  2089 E iwedia/comedia3: [(C) cm_route_manager.c(1852)]: *********** FE status *************
06-25 13:59:00.873  1865  2089 E iwedia/comedia3: [(C) cm_route_manager.c(1879)]: id = 0, isUsed = 1, isScanning = 1
06-25 13:59:00.873  1865  2089 E iwedia/comedia3: [(C) cm_route_manager.c(1880)]: Used on routes:
06-25 13:59:00.873  1865  2089 E iwedia/comedia3: [(C) cm_route_manager.c(1883)]: e9456b70
06-25 13:59:00.873  1865  2089 E iwedia/comedia3: [(C) cm_route_manager.c(1886)]: 
06-25 13:59:00.873  1865  2089 E iwedia/comedia3: [(C) cm_route_manager.c(1879)]: id = 1, isUsed = 1, isScanning = 1
06-25 13:59:00.873  1865  2089 E iwedia/comedia3: [(C) cm_route_manager.c(1880)]: Used on routes:
06-25 13:59:00.873  1865  2089 E iwedia/comedia3: [(C) cm_route_manager.c(1883)]: e9456b98
06-25 13:59:00.873  1865  2089 E iwedia/comedia3: [(C) cm_route_manager.c(1886)]: 
06-25 13:59:00.873  1865  2089 E iwedia/comedia3: [(C) cm_route_manager.c(1879)]: id = 2, isUsed = 1, isScanning = 1
06-25 13:59:00.873  1865  2089 E iwedia/comedia3: [(C) cm_route_manager.c(1880)]: Used on routes:
06-25 13:59:00.873  1865  2089 E iwedia/comedia3: [(C) cm_route_manager.c(1883)]: e9456bc0
06-25 13:59:00.873  1865  2089 E iwedia/comedia3: [(C) cm_route_manager.c(1886)]: 
06-25 13:59:00.873  1865  2089 E iwedia/comedia3: [(C) cm_route_manager.c(1858)]: ********* Decoder status **********
06-25 13:59:00.873  1865  2089 E iwedia/comedia3: [(C) cm_route_manager.c(1896)]: id = 1, isUsed = 0, type = 0
06-25 13:59:00.873  1865  2089 E iwedia/comedia3: [(C) cm_route_manager.c(1897)]: Used on routes:
06-25 13:59:00.873  1865  2089 E iwedia/comedia3: [(C) cm_route_manager.c(1903)]: 
06-25 13:59:00.873  1865  2089 E iwedia/comedia3: [(C) cm_route_manager.c(1864)]: ****** Mass Storage status ********
06-25 13:59:00.873  1865  2089 E iwedia/comedia3: [(C) cm_route_manager.c(1913)]: id = 4d41, isUsed = 0
06-25 13:59:00.873  1865  2089 E iwedia/comedia3: [(C) cm_route_manager.c(1914)]: Used on routes:
06-25 13:59:00.873  1865  2089 E iwedia/comedia3: [(C) cm_route_manager.c(1920)]: 
06-25 13:59:00.873  1865  2089 E iwedia/comedia3: [(C) cm_route_manager.c(1869)]: 
06-25 13:59:00.873  1865  2089 E iwedia/comedia3: 
06-25 13:59:00.873  1865  2089 E iwedia/comedia3: ***********************************
06-25 13:59:00.873  1865  2089 E iwedia/comedia3: 
06-25 13:59:00.873  1865  2089 D iwedia/mal: MAL_RM_GetInstallRoute - 193: CM_RM_GetLiveRoute failed, error = 4
06-25 13:59:00.873  1865  2089 D ComediaRouteManagerControl: routeManagerGetInstallRoute 0
06-25 13:59:00.873  1865  2089 E ScanControl: appendList(false) MAL_TUNER_AppendList
06-25 13:59:00.873  1865  2089 E ScanControl: autoScanURL ( file:///data/data/ch0.ts) routeId = 0
06-25 13:59:00.873  1865  2089 D iwedia/mal: MAL_TUNER_AutoScanURL - line: 287: Enter MAL_TUNER_AutoScanURL, routeId = 0 
06-25 13:59:00.873  1865  2089 D iwedia/comedia3: CM_PIPEi_GetMagicNumberFromHandle: Can't find route
06-25 13:59:00.873  1865  2089 D iwedia/comedia3: CM_PIPE_GetFrontendDescriptor: Error in CM_PIPEi_GetMagicNumberFromHandle
06-25 13:59:00.873  1865  2089 D iwedia/mal: MAL_TUNER_AutoScanURL - line: 307: MAL_TUNER cmPipe_GetSourceType failed
06-25 13:59:00.873  2006  2006 E BroadcastTvInputService: autoScan failed for file:///data/data/ch0.ts: ERROR
06-25 13:59:00.874  1865  1891 D iwedia/comedia3: Assertion failed (isDone == 1) in FILE vendor/iwedia/tuner-halx/software_components/xcross-mw/comedia3/comedia/core/system/src/sys_mngr/sys_mngr_state_machine.c, LINE 706
06-25 13:59:00.876   672   828 W AS.SfxHelper: MediaPlayer IOException: java.io.FileNotFoundException: /system/media/audio/ui/Effect_Tick.ogg: open failed: ENOENT (No such file or directory)
06-25 13:59:00.915   447   447 E android.hardware.tv.hdmi.cec: [halimp_aidl] file open failed for writing
06-25 13:59:01.009  1865  2089 E iwedia/comedia3: [(C) cm_route_manager.c(329)]: CM_RM_GetInstallRoute: cmRMp_FindFrontendForMultiplex couldn't find free resource
06-25 13:59:01.009  1865  2089 E iwedia/comedia3: [(C) cm_route_manager_usage_monitor.c(310)]: Used routes
06-25 13:59:01.009  1865  2089 E iwedia/comedia3: [(C) cm_route_manager_usage_monitor.c(311)]: ******************************
06-25 13:59:01.009  1865  2089 E iwedia/comedia3: [(C) cm_route_manager_usage_monitor.c(314)]: 0. 0xe9456b70 -1 INSTALL
06-25 13:59:01.009  1865  2089 E iwedia/comedia3: [(C) cm_route_manager_usage_monitor.c(314)]: 1. 0xe9456b98 -1 INSTALL
06-25 13:59:01.009  1865  2089 E iwedia/comedia3: [(C) cm_route_manager_usage_monitor.c(314)]: 2. 0xe9456bc0 -1 INSTALL
06-25 13:59:01.009  1865  2089 E iwedia/comedia3: [(C) cm_route_manager_usage_monitor.c(319)]: ******************************
06-25 13:59:01.009  1865  2089 E iwedia/comedia3: [(C) cm_route_manager.c(1849)]: ***********************************
06-25 13:59:01.009  1865  2089 E iwedia/comedia3: 
06-25 13:59:01.009  1865  2089 E iwedia/comedia3: [(C) cm_route_manager.c(1852)]: *********** FE status *************
06-25 13:59:01.009  1865  2089 E iwedia/comedia3: [(C) cm_route_manager.c(1879)]: id = 0, isUsed = 1, isScanning = 1
06-25 13:59:01.009  1865  2089 E iwedia/comedia3: [(C) cm_route_manager.c(1880)]: Used on routes:
06-25 13:59:01.009  1865  2089 E iwedia/comedia3: [(C) cm_route_manager.c(1883)]: e9456b70
06-25 13:59:01.009  1865  2089 E iwedia/comedia3: [(C) cm_route_manager.c(1886)]: 
06-25 13:59:01.009  1865  2089 E iwedia/comedia3: [(C) cm_route_manager.c(1879)]: id = 1, isUsed = 1, isScanning = 1
06-25 13:59:01.009  1865  2089 E iwedia/comedia3: [(C) cm_route_manager.c(1880)]: Used on routes:
06-25 13:59:01.009  1865  2089 E iwedia/comedia3: [(C) cm_route_manager.c(1883)]: e9456b98
06-25 13:59:01.009  1865  2089 E iwedia/comedia3: [(C) cm_route_manager.c(1886)]: 
06-25 13:59:01.009  1865  2089 E iwedia/comedia3: [(C) cm_route_manager.c(1879)]: id = 2, isUsed = 1, isScanning = 1
06-25 13:59:01.009  1865  2089 E iwedia/comedia3: [(C) cm_route_manager.c(1880)]: Used on routes:
06-25 13:59:01.009  1865  2089 E iwedia/comedia3: [(C) cm_route_manager.c(1883)]: e9456bc0
06-25 13:59:01.009  1865  2089 E iwedia/comedia3: [(C) cm_route_manager.c(1886)]: 
06-25 13:59:01.009  1865  2089 E iwedia/comedia3: [(C) cm_route_manager.c(1858)]: ********* Decoder status **********
06-25 13:59:01.009  1865  2089 E iwedia/comedia3: [(C) cm_route_manager.c(1896)]: id = 1, isUsed = 0, type = 0
06-25 13:59:01.009  1865  2089 E iwedia/comedia3: [(C) cm_route_manager.c(1897)]: Used on routes:
06-25 13:59:01.009  1865  2089 E iwedia/comedia3: [(C) cm_route_manager.c(1903)]: 
06-25 13:59:01.009  1865  2089 E iwedia/comedia3: [(C) cm_route_manager.c(1864)]: ****** Mass Storage status ********
06-25 13:59:01.009  1865  2089 E iwedia/comedia3: [(C) cm_route_manager.c(1913)]: id = 4d41, isUsed = 0
06-25 13:59:01.009  1865  2089 E iwedia/comedia3: [(C) cm_route_manager.c(1914)]: Used on routes:
06-25 13:59:01.009  1865  2089 E iwedia/comedia3: [(C) cm_route_manager.c(1920)]: 
06-25 13:59:01.009  1865  2089 E iwedia/comedia3: [(C) cm_route_manager.c(1869)]: 
06-25 13:59:01.009  1865  2089 E iwedia/comedia3: 
06-25 13:59:01.009  1865  2089 E iwedia/comedia3: ***********************************
06-25 13:59:01.009  1865  2089 E iwedia/comedia3: 
06-25 13:59:01.009  1865  2089 D iwedia/mal: MAL_RM_GetInstallRoute - 193: CM_RM_GetLiveRoute failed, error = 4
06-25 13:59:01.009  1865  2089 D ComediaRouteManagerControl: routeManagerGetInstallRoute 0
06-25 13:59:01.010  1865  2089 E ScanControl: appendList(false) MAL_TUNER_AppendList
06-25 13:59:01.010  1865  2089 E ScanControl: autoScanURL ( file:///data/data/ch0.ts) routeId = 0
06-25 13:59:01.010  1865  2089 D iwedia/mal: MAL_TUNER_AutoScanURL - line: 287: Enter MAL_TUNER_AutoScanURL, routeId = 0 
06-25 13:59:01.010  1865  2089 D iwedia/comedia3: CM_PIPEi_GetMagicNumberFromHandle: Can't find route
06-25 13:59:01.010  1865  2089 D iwedia/comedia3: CM_PIPE_GetFrontendDescriptor: Error in CM_PIPEi_GetMagicNumberFromHandle
06-25 13:59:01.010  1865  2089 D iwedia/mal: MAL_TUNER_AutoScanURL - line: 307: MAL_TUNER cmPipe_GetSourceType failed
06-25 13:59:01.010  2006  2006 E BroadcastTvInputService: autoScan failed for file:///data/data/ch0.ts: ERROR
06-25 13:59:01.015   672   828 W AS.SfxHelper: MediaPlayer IOException: java.io.FileNotFoundException: /system/media/audio/ui/Effect_Tick.ogg: open failed: ENOENT (No such file or directory)
06-25 13:59:01.174  1865  2089 E iwedia/comedia3: [(C) cm_route_manager.c(329)]: CM_RM_GetInstallRoute: cmRMp_FindFrontendForMultiplex couldn't find free resource
06-25 13:59:01.174  1865  2089 E iwedia/comedia3: [(C) cm_route_manager_usage_monitor.c(310)]: Used routes
06-25 13:59:01.174  1865  2089 E iwedia/comedia3: [(C) cm_route_manager_usage_monitor.c(311)]: ******************************
06-25 13:59:01.174  1865  2089 E iwedia/comedia3: [(C) cm_route_manager_usage_monitor.c(314)]: 0. 0xe9456b70 -1 INSTALL
06-25 13:59:01.174  1865  2089 E iwedia/comedia3: [(C) cm_route_manager_usage_monitor.c(314)]: 1. 0xe9456b98 -1 INSTALL
06-25 13:59:01.174  1865  2089 E iwedia/comedia3: [(C) cm_route_manager_usage_monitor.c(314)]: 2. 0xe9456bc0 -1 INSTALL
06-25 13:59:01.174  1865  2089 E iwedia/comedia3: [(C) cm_route_manager_usage_monitor.c(319)]: ******************************
06-25 13:59:01.174  1865  2089 E iwedia/comedia3: [(C) cm_route_manager.c(1849)]: ***********************************
06-25 13:59:01.174  1865  2089 E iwedia/comedia3: 
06-25 13:59:01.174  1865  2089 E iwedia/comedia3: [(C) cm_route_manager.c(1852)]: *********** FE status *************
06-25 13:59:01.174  1865  2089 E iwedia/comedia3: [(C) cm_route_manager.c(1879)]: id = 0, isUsed = 1, isScanning = 1
06-25 13:59:01.174  1865  2089 E iwedia/comedia3: [(C) cm_route_manager.c(1880)]: Used on routes:
06-25 13:59:01.174  1865  2089 E iwedia/comedia3: [(C) cm_route_manager.c(1883)]: e9456b70
06-25 13:59:01.174  1865  2089 E iwedia/comedia3: [(C) cm_route_manager.c(1886)]: 
06-25 13:59:01.174  1865  2089 E iwedia/comedia3: [(C) cm_route_manager.c(1879)]: id = 1, isUsed = 1, isScanning = 1
06-25 13:59:01.174  1865  2089 E iwedia/comedia3: [(C) cm_route_manager.c(1880)]: Used on routes:
06-25 13:59:01.174  1865  2089 E iwedia/comedia3: [(C) cm_route_manager.c(1883)]: e9456b98
06-25 13:59:01.174  1865  2089 E iwedia/comedia3: [(C) cm_route_manager.c(1886)]: 
06-25 13:59:01.174  1865  2089 E iwedia/comedia3: [(C) cm_route_manager.c(1879)]: id = 2, isUsed = 1, isScanning = 1
06-25 13:59:01.174  1865  2089 E iwedia/comedia3: [(C) cm_route_manager.c(1880)]: Used on routes:
06-25 13:59:01.174  1865  2089 E iwedia/comedia3: [(C) cm_route_manager.c(1883)]: e9456bc0
06-25 13:59:01.174  1865  2089 E iwedia/comedia3: [(C) cm_route_manager.c(1886)]: 
06-25 13:59:01.174  1865  2089 E iwedia/comedia3: [(C) cm_route_manager.c(1858)]: ********* Decoder status **********
06-25 13:59:01.174  1865  2089 E iwedia/comedia3: [(C) cm_route_manager.c(1896)]: id = 1, isUsed = 0, type = 0
06-25 13:59:01.174  1865  2089 E iwedia/comedia3: [(C) cm_route_manager.c(1897)]: Used on routes:
06-25 13:59:01.174  1865  2089 E iwedia/comedia3: [(C) cm_route_manager.c(1903)]: 
06-25 13:59:01.174  1865  2089 E iwedia/comedia3: [(C) cm_route_manager.c(1864)]: ****** Mass Storage status ********
06-25 13:59:01.174  1865  2089 E iwedia/comedia3: [(C) cm_route_manager.c(1913)]: id = 4d41, isUsed = 0
06-25 13:59:01.174  1865  2089 E iwedia/comedia3: [(C) cm_route_manager.c(1914)]: Used on routes:
06-25 13:59:01.174  1865  2089 E iwedia/comedia3: [(C) cm_route_manager.c(1920)]: 
06-25 13:59:01.174  1865  2089 E iwedia/comedia3: [(C) cm_route_manager.c(1869)]: 
06-25 13:59:01.174  1865  2089 E iwedia/comedia3: 
06-25 13:59:01.174  1865  2089 E iwedia/comedia3: ***********************************
06-25 13:59:01.174  1865  2089 E iwedia/comedia3: 
06-25 13:59:01.174  1865  2089 D iwedia/mal: MAL_RM_GetInstallRoute - 193: CM_RM_GetLiveRoute failed, error = 4
06-25 13:59:01.174  1865  2089 D ComediaRouteManagerControl: routeManagerGetInstallRoute 0
06-25 13:59:01.174  1865  2089 E ScanControl: appendList(false) MAL_TUNER_AppendList
06-25 13:59:01.174  1865  2089 E ScanControl: autoScanURL ( file:///data/data/ch0.ts) routeId = 0
06-25 13:59:01.174  1865  2089 D iwedia/mal: MAL_TUNER_AutoScanURL - line: 287: Enter MAL_TUNER_AutoScanURL, routeId = 0 
06-25 13:59:01.174  1865  2089 D iwedia/comedia3: CM_PIPEi_GetMagicNumberFromHandle: Can't find route
06-25 13:59:01.174  1865  2089 D iwedia/comedia3: CM_PIPE_GetFrontendDescriptor: Error in CM_PIPEi_GetMagicNumberFromHandle
06-25 13:59:01.174  1865  2089 D iwedia/mal: MAL_TUNER_AutoScanURL - line: 307: MAL_TUNER cmPipe_GetSourceType failed
06-25 13:59:01.174  2006  2006 E BroadcastTvInputService: autoScan failed for file:///data/data/ch0.ts: ERROR
06-25 13:59:01.182   672   828 W AS.SfxHelper: MediaPlayer IOException: java.io.FileNotFoundException: /system/media/audio/ui/Effect_Tick.ogg: open failed: ENOENT (No such file or directory)
06-25 13:59:02.917   447   447 E android.hardware.tv.hdmi.cec: [halimp_aidl] file open failed for writing
06-25 13:59:03.054   672  1800 I WifiService: getConnectionInfo uid=10035
06-25 13:59:03.054   672  1800 V WifiPermissionsUtil: checkCallersLocationPermission(com.android.google.gce.gceservice): uid 10035 doesn't have permission android.permission.ACCESS_COARSE_LOCATION
06-25 13:59:03.055   672  1800 V WifiPermissionsUtil: enforceCanAccessScanResults(pkg=com.android.google.gce.gceservice, uid=10035): canCallingUidAccessLocation=false, canAppPackageUseLocation=false
06-25 13:59:03.055   672  1800 V WifiService: Keeping REDACT_FOR_ACCESS_FINE_LOCATION:java.lang.SecurityException: UID 10035 has no location permission
06-25 13:59:04.919   447   447 E android.hardware.tv.hdmi.cec: [halimp_aidl] file open failed for writing
06-25 13:59:04.920   447   447 E android.hardware.tv.hdmi.cec: [halimp_aidl] file open failed for writing
06-25 13:59:05.379   672   753 D ActivityManager: freezing 1011 com.android.tv.settings
